// Jest Snapshot v1, https://goo.gl/fbAQLP

exports[`Level renders correctly 1`] = `
<DocumentFragment>
  <select
    class="css-160ys9i"
  >
    <option
      class="css-zcmdxr"
      value="beginner"
    >
      beginner
    </option>
    <option
      class="css-zcmdxr"
      value="intermediate"
    >
      intermediate
    </option>
    <option
      class="css-zcmdxr"
      value="expert"
    >
      expert
    </option>
  </select>
</DocumentFragment>
`;
