// Jest Snapshot v1, https://goo.gl/fbAQLP

exports[`Reset button check Reset renders correctly 1`] = `
<DocumentFragment>
  <button
    class="css-mt04f9"
  >
    ðŸ˜Š
  </button>
</DocumentFragment>
`;
